Archive member included to satisfy reference by file (symbol)

/opt/riscv/lib/gcc/riscv64-unknown-elf/11.1.0/../../../../riscv64-unknown-elf/lib/rv32im/ilp32/libc_nano.a(lib_a-memcpy-asm.o)
                              /tmp/ccMin087.o (memcpy)

Memory Configuration

Name             Origin             Length             Attributes
*default*        0x0000000000000000 0xffffffffffffffff

Linker script and memory map


.memory         0x0000000000000000      0x528
                0x0000000000000000                . = 0x0
 *(.init)
 .init          0x0000000000000000       0x18 /tmp/cc0Wki4g.o
 *(.text)
 .text          0x0000000000000018       0x5e /tmp/ccCoHcWA.o
                0x0000000000000018                cache_init
                0x0000000000000026                cache_invalidate
                0x000000000000002e                cache_wtb_empty
                0x0000000000000036                cache_wtb_full
                0x000000000000003e                cache_hit
                0x0000000000000046                cache_miss
                0x000000000000004e                cache_read_hit
                0x0000000000000056                cache_read_miss
                0x000000000000005e                cache_write_hit
                0x0000000000000066                cache_write_miss
                0x000000000000006e                cache_counter_reset
 .text          0x0000000000000076      0x190 /tmp/ccRuZAXc.o
                0x0000000000000076                uart_txwait
                0x0000000000000084                uart_putc
                0x000000000000009a                uart_rxwait
                0x00000000000000a8                uart_getc
                0x00000000000000b6                uart_init
                0x00000000000000da                uart_finish
                0x00000000000000e8                uart_puts
                0x0000000000000104                uart_sendstr
                0x0000000000000122                uart_recvfile
                0x0000000000000194                uart_sendfile
 .text          0x0000000000000206       0x56 /tmp/ccb70cWL.o
                0x0000000000000206                IOB_UART_INIT_BASEADDR
                0x000000000000020c                IOB_UART_SET_SOFTRESET
                0x0000000000000216                IOB_UART_SET_DIV
                0x0000000000000220                IOB_UART_SET_TXDATA
                0x000000000000022a                IOB_UART_SET_TXEN
                0x0000000000000234                IOB_UART_SET_RXEN
                0x000000000000023e                IOB_UART_GET_TXREADY
                0x0000000000000248                IOB_UART_GET_RXDATA
                0x0000000000000252                IOB_UART_GET_RXREADY
 .text          0x000000000000025c        0x0 /tmp/cc0Wki4g.o
 .text          0x000000000000025c        0x0 /tmp/ccMin087.o
 *fill*         0x000000000000025c        0x0 
 .text          0x000000000000025c       0x24 /opt/riscv/lib/gcc/riscv64-unknown-elf/11.1.0/../../../../riscv64-unknown-elf/lib/rv32im/ilp32/libc_nano.a(lib_a-memcpy-asm.o)
                0x000000000000025c                memcpy
 *(*)
 .data          0x0000000000000280        0x0 /tmp/ccCoHcWA.o
 .bss           0x0000000000000280        0x0 /tmp/ccCoHcWA.o
 .sbss          0x0000000000000280        0x4 /tmp/ccCoHcWA.o
 .comment       0x0000000000000284        0xf /tmp/ccCoHcWA.o
                                         0x10 (size before relaxing)
 .riscv.attributes
                0x0000000000000293       0x26 /tmp/ccCoHcWA.o
 .data          0x00000000000002b9        0x0 /tmp/ccRuZAXc.o
 .bss           0x00000000000002b9        0x0 /tmp/ccRuZAXc.o
 *fill*         0x00000000000002b9        0x3 
 .rodata.str1.4
                0x00000000000002bc       0x69 /tmp/ccRuZAXc.o
 .comment       0x0000000000000325       0x10 /tmp/ccRuZAXc.o
 .riscv.attributes
                0x0000000000000325       0x26 /tmp/ccRuZAXc.o
 .data          0x000000000000034b        0x0 /tmp/ccb70cWL.o
 .bss           0x000000000000034b        0x0 /tmp/ccb70cWL.o
 *fill*         0x000000000000034b        0x1 
 .sbss          0x000000000000034c        0x4 /tmp/ccb70cWL.o
 .comment       0x0000000000000350       0x10 /tmp/ccb70cWL.o
 .riscv.attributes
                0x0000000000000350       0x26 /tmp/ccb70cWL.o
 .data          0x0000000000000376        0x0 /tmp/cc0Wki4g.o
 .bss           0x0000000000000376        0x0 /tmp/cc0Wki4g.o
 .riscv.attributes
                0x0000000000000376       0x24 /tmp/cc0Wki4g.o
 .data          0x000000000000039a        0x0 /tmp/ccMin087.o
 .bss           0x000000000000039a        0x0 /tmp/ccMin087.o
 *fill*         0x000000000000039a        0x2 
 .rodata.str1.4
                0x000000000000039c       0xa5 /tmp/ccMin087.o
 *fill*         0x0000000000000441        0x1 
 .text.startup  0x0000000000000442       0xa0 /tmp/ccMin087.o
                0x0000000000000442                main
 .comment       0x00000000000004e2       0x10 /tmp/ccMin087.o
 .riscv.attributes
                0x00000000000004e2       0x26 /tmp/ccMin087.o
 .data          0x0000000000000508        0x0 /opt/riscv/lib/gcc/riscv64-unknown-elf/11.1.0/../../../../riscv64-unknown-elf/lib/rv32im/ilp32/libc_nano.a(lib_a-memcpy-asm.o)
 .bss           0x0000000000000508        0x0 /opt/riscv/lib/gcc/riscv64-unknown-elf/11.1.0/../../../../riscv64-unknown-elf/lib/rv32im/ilp32/libc_nano.a(lib_a-memcpy-asm.o)
 .riscv.attributes
                0x0000000000000508       0x1f /opt/riscv/lib/gcc/riscv64-unknown-elf/11.1.0/../../../../riscv64-unknown-elf/lib/rv32im/ilp32/libc_nano.a(lib_a-memcpy-asm.o)
                0x0000000000000528                . = ALIGN (0x4)
 *fill*         0x0000000000000527        0x1 
                0x0000000000000528                _heap_start = .
                0x0000000000000528                end = .
LOAD /tmp/ccCoHcWA.o
LOAD /tmp/ccRuZAXc.o
LOAD /tmp/ccb70cWL.o
LOAD /tmp/cc0Wki4g.o
LOAD /tmp/ccMin087.o
LOAD /opt/riscv/lib/gcc/riscv64-unknown-elf/11.1.0/rv32im/ilp32/libgcc.a
LOAD /opt/riscv/lib/gcc/riscv64-unknown-elf/11.1.0/../../../../riscv64-unknown-elf/lib/rv32im/ilp32/libc_nano.a
LOAD /opt/riscv/lib/gcc/riscv64-unknown-elf/11.1.0/../../../../riscv64-unknown-elf/lib/rv32im/ilp32/libnosys.a
OUTPUT(boot.elf elf32-littleriscv)
