Archive member included to satisfy reference by file (symbol)

/opt/riscv/lib/gcc/riscv64-unknown-elf/11.1.0/rv32im/ilp32/libgcc.a(_udivdi3.o)
                              /tmp/ccapNQLG.o (__udivdi3)
/opt/riscv/lib/gcc/riscv64-unknown-elf/11.1.0/rv32im/ilp32/libgcc.a(_umoddi3.o)
                              /tmp/ccapNQLG.o (__umoddi3)
/opt/riscv/lib/gcc/riscv64-unknown-elf/11.1.0/rv32im/ilp32/libgcc.a(adddf3.o)
                              /tmp/ccapNQLG.o (__adddf3)
/opt/riscv/lib/gcc/riscv64-unknown-elf/11.1.0/rv32im/ilp32/libgcc.a(divdf3.o)
                              /tmp/ccapNQLG.o (__divdf3)
/opt/riscv/lib/gcc/riscv64-unknown-elf/11.1.0/rv32im/ilp32/libgcc.a(eqdf2.o)
                              /tmp/ccapNQLG.o (__nedf2)
/opt/riscv/lib/gcc/riscv64-unknown-elf/11.1.0/rv32im/ilp32/libgcc.a(gedf2.o)
                              /tmp/ccapNQLG.o (__gedf2)
/opt/riscv/lib/gcc/riscv64-unknown-elf/11.1.0/rv32im/ilp32/libgcc.a(ledf2.o)
                              /tmp/ccapNQLG.o (__ledf2)
/opt/riscv/lib/gcc/riscv64-unknown-elf/11.1.0/rv32im/ilp32/libgcc.a(muldf3.o)
                              /tmp/ccapNQLG.o (__muldf3)
/opt/riscv/lib/gcc/riscv64-unknown-elf/11.1.0/rv32im/ilp32/libgcc.a(subdf3.o)
                              /tmp/ccapNQLG.o (__subdf3)
/opt/riscv/lib/gcc/riscv64-unknown-elf/11.1.0/rv32im/ilp32/libgcc.a(fixdfsi.o)
                              /tmp/ccapNQLG.o (__fixdfsi)
/opt/riscv/lib/gcc/riscv64-unknown-elf/11.1.0/rv32im/ilp32/libgcc.a(fixunsdfsi.o)
                              /tmp/ccapNQLG.o (__fixunsdfsi)
/opt/riscv/lib/gcc/riscv64-unknown-elf/11.1.0/rv32im/ilp32/libgcc.a(floatsidf.o)
                              /tmp/ccapNQLG.o (__floatsidf)
/opt/riscv/lib/gcc/riscv64-unknown-elf/11.1.0/rv32im/ilp32/libgcc.a(floatunsidf.o)
                              /tmp/ccapNQLG.o (__floatunsidf)
/opt/riscv/lib/gcc/riscv64-unknown-elf/11.1.0/rv32im/ilp32/libgcc.a(_clz.o)
                              /opt/riscv/lib/gcc/riscv64-unknown-elf/11.1.0/rv32im/ilp32/libgcc.a(_udivdi3.o) (__clz_tab)
/opt/riscv/lib/gcc/riscv64-unknown-elf/11.1.0/rv32im/ilp32/libgcc.a(_clzsi2.o)
                              /opt/riscv/lib/gcc/riscv64-unknown-elf/11.1.0/rv32im/ilp32/libgcc.a(adddf3.o) (__clzsi2)
/opt/riscv/lib/gcc/riscv64-unknown-elf/11.1.0/../../../../riscv64-unknown-elf/lib/rv32im/ilp32/libc_nano.a(lib_a-malloc.o)
                              /tmp/ccgW458C.o (malloc)
/opt/riscv/lib/gcc/riscv64-unknown-elf/11.1.0/../../../../riscv64-unknown-elf/lib/rv32im/ilp32/libc_nano.a(lib_a-nano-freer.o)
                              /opt/riscv/lib/gcc/riscv64-unknown-elf/11.1.0/../../../../riscv64-unknown-elf/lib/rv32im/ilp32/libc_nano.a(lib_a-malloc.o) (_free_r)
/opt/riscv/lib/gcc/riscv64-unknown-elf/11.1.0/../../../../riscv64-unknown-elf/lib/rv32im/ilp32/libc_nano.a(lib_a-nano-mallocr.o)
                              /opt/riscv/lib/gcc/riscv64-unknown-elf/11.1.0/../../../../riscv64-unknown-elf/lib/rv32im/ilp32/libc_nano.a(lib_a-malloc.o) (_malloc_r)
/opt/riscv/lib/gcc/riscv64-unknown-elf/11.1.0/../../../../riscv64-unknown-elf/lib/rv32im/ilp32/libc_nano.a(lib_a-sbrkr.o)
                              /opt/riscv/lib/gcc/riscv64-unknown-elf/11.1.0/../../../../riscv64-unknown-elf/lib/rv32im/ilp32/libc_nano.a(lib_a-nano-mallocr.o) (_sbrk_r)
/opt/riscv/lib/gcc/riscv64-unknown-elf/11.1.0/../../../../riscv64-unknown-elf/lib/rv32im/ilp32/libc_nano.a(lib_a-impure.o)
                              /opt/riscv/lib/gcc/riscv64-unknown-elf/11.1.0/../../../../riscv64-unknown-elf/lib/rv32im/ilp32/libc_nano.a(lib_a-malloc.o) (_impure_ptr)
/opt/riscv/lib/gcc/riscv64-unknown-elf/11.1.0/../../../../riscv64-unknown-elf/lib/rv32im/ilp32/libc_nano.a(lib_a-mlock.o)
                              /opt/riscv/lib/gcc/riscv64-unknown-elf/11.1.0/../../../../riscv64-unknown-elf/lib/rv32im/ilp32/libc_nano.a(lib_a-nano-freer.o) (__malloc_lock)
/opt/riscv/lib/gcc/riscv64-unknown-elf/11.1.0/../../../../riscv64-unknown-elf/lib/rv32im/ilp32/libc_nano.a(lib_a-reent.o)
                              /opt/riscv/lib/gcc/riscv64-unknown-elf/11.1.0/../../../../riscv64-unknown-elf/lib/rv32im/ilp32/libc_nano.a(lib_a-sbrkr.o) (errno)
/opt/riscv/lib/gcc/riscv64-unknown-elf/11.1.0/../../../../riscv64-unknown-elf/lib/rv32im/ilp32/libnosys.a(sbrk.o)
                              /opt/riscv/lib/gcc/riscv64-unknown-elf/11.1.0/../../../../riscv64-unknown-elf/lib/rv32im/ilp32/libc_nano.a(lib_a-sbrkr.o) (_sbrk)

Discarded input sections

 .debug_info    0x0000000000000000      0x761 /opt/riscv/lib/gcc/riscv64-unknown-elf/11.1.0/rv32im/ilp32/libgcc.a(_udivdi3.o)
 .debug_abbrev  0x0000000000000000      0x1a6 /opt/riscv/lib/gcc/riscv64-unknown-elf/11.1.0/rv32im/ilp32/libgcc.a(_udivdi3.o)
 .debug_loclists
                0x0000000000000000      0xa99 /opt/riscv/lib/gcc/riscv64-unknown-elf/11.1.0/rv32im/ilp32/libgcc.a(_udivdi3.o)
 .debug_aranges
                0x0000000000000000       0x20 /opt/riscv/lib/gcc/riscv64-unknown-elf/11.1.0/rv32im/ilp32/libgcc.a(_udivdi3.o)
 .debug_rnglists
                0x0000000000000000      0x111 /opt/riscv/lib/gcc/riscv64-unknown-elf/11.1.0/rv32im/ilp32/libgcc.a(_udivdi3.o)
 .debug_line    0x0000000000000000      0x727 /opt/riscv/lib/gcc/riscv64-unknown-elf/11.1.0/rv32im/ilp32/libgcc.a(_udivdi3.o)
 .debug_str     0x0000000000000000      0x247 /opt/riscv/lib/gcc/riscv64-unknown-elf/11.1.0/rv32im/ilp32/libgcc.a(_udivdi3.o)
 .debug_line_str
                0x0000000000000000      0x136 /opt/riscv/lib/gcc/riscv64-unknown-elf/11.1.0/rv32im/ilp32/libgcc.a(_udivdi3.o)
 .debug_info    0x0000000000000000      0x7b5 /opt/riscv/lib/gcc/riscv64-unknown-elf/11.1.0/rv32im/ilp32/libgcc.a(_umoddi3.o)
 .debug_abbrev  0x0000000000000000      0x1bb /opt/riscv/lib/gcc/riscv64-unknown-elf/11.1.0/rv32im/ilp32/libgcc.a(_umoddi3.o)
 .debug_loclists
                0x0000000000000000      0x86a /opt/riscv/lib/gcc/riscv64-unknown-elf/11.1.0/rv32im/ilp32/libgcc.a(_umoddi3.o)
 .debug_aranges
                0x0000000000000000       0x20 /opt/riscv/lib/gcc/riscv64-unknown-elf/11.1.0/rv32im/ilp32/libgcc.a(_umoddi3.o)
 .debug_rnglists
                0x0000000000000000       0xd1 /opt/riscv/lib/gcc/riscv64-unknown-elf/11.1.0/rv32im/ilp32/libgcc.a(_umoddi3.o)
 .debug_line    0x0000000000000000      0x7a1 /opt/riscv/lib/gcc/riscv64-unknown-elf/11.1.0/rv32im/ilp32/libgcc.a(_umoddi3.o)
 .debug_str     0x0000000000000000      0x247 /opt/riscv/lib/gcc/riscv64-unknown-elf/11.1.0/rv32im/ilp32/libgcc.a(_umoddi3.o)
 .debug_line_str
                0x0000000000000000      0x136 /opt/riscv/lib/gcc/riscv64-unknown-elf/11.1.0/rv32im/ilp32/libgcc.a(_umoddi3.o)
 .debug_info    0x0000000000000000      0x4fc /opt/riscv/lib/gcc/riscv64-unknown-elf/11.1.0/rv32im/ilp32/libgcc.a(adddf3.o)
 .debug_abbrev  0x0000000000000000      0x176 /opt/riscv/lib/gcc/riscv64-unknown-elf/11.1.0/rv32im/ilp32/libgcc.a(adddf3.o)
 .debug_loclists
                0x0000000000000000     0x10c2 /opt/riscv/lib/gcc/riscv64-unknown-elf/11.1.0/rv32im/ilp32/libgcc.a(adddf3.o)
 .debug_aranges
                0x0000000000000000       0x20 /opt/riscv/lib/gcc/riscv64-unknown-elf/11.1.0/rv32im/ilp32/libgcc.a(adddf3.o)
 .debug_rnglists
                0x0000000000000000      0x22e /opt/riscv/lib/gcc/riscv64-unknown-elf/11.1.0/rv32im/ilp32/libgcc.a(adddf3.o)
 .debug_line    0x0000000000000000      0xff9 /opt/riscv/lib/gcc/riscv64-unknown-elf/11.1.0/rv32im/ilp32/libgcc.a(adddf3.o)
 .debug_str     0x0000000000000000      0x2a1 /opt/riscv/lib/gcc/riscv64-unknown-elf/11.1.0/rv32im/ilp32/libgcc.a(adddf3.o)
 .debug_line_str
                0x0000000000000000      0x142 /opt/riscv/lib/gcc/riscv64-unknown-elf/11.1.0/rv32im/ilp32/libgcc.a(adddf3.o)
 .debug_frame   0x0000000000000000       0x44 /opt/riscv/lib/gcc/riscv64-unknown-elf/11.1.0/rv32im/ilp32/libgcc.a(adddf3.o)
 .debug_info    0x0000000000000000      0x684 /opt/riscv/lib/gcc/riscv64-unknown-elf/11.1.0/rv32im/ilp32/libgcc.a(divdf3.o)
 .debug_abbrev  0x0000000000000000      0x173 /opt/riscv/lib/gcc/riscv64-unknown-elf/11.1.0/rv32im/ilp32/libgcc.a(divdf3.o)
 .debug_loclists
                0x0000000000000000     0x10de /opt/riscv/lib/gcc/riscv64-unknown-elf/11.1.0/rv32im/ilp32/libgcc.a(divdf3.o)
 .debug_aranges
                0x0000000000000000       0x20 /opt/riscv/lib/gcc/riscv64-unknown-elf/11.1.0/rv32im/ilp32/libgcc.a(divdf3.o)
 .debug_rnglists
                0x0000000000000000      0x16f /opt/riscv/lib/gcc/riscv64-unknown-elf/11.1.0/rv32im/ilp32/libgcc.a(divdf3.o)
 .debug_line    0x0000000000000000      0xf42 /opt/riscv/lib/gcc/riscv64-unknown-elf/11.1.0/rv32im/ilp32/libgcc.a(divdf3.o)
 .debug_str     0x0000000000000000      0x363 /opt/riscv/lib/gcc/riscv64-unknown-elf/11.1.0/rv32im/ilp32/libgcc.a(divdf3.o)
 .debug_line_str
                0x0000000000000000      0x14c /opt/riscv/lib/gcc/riscv64-unknown-elf/11.1.0/rv32im/ilp32/libgcc.a(divdf3.o)
 .debug_frame   0x0000000000000000       0x58 /opt/riscv/lib/gcc/riscv64-unknown-elf/11.1.0/rv32im/ilp32/libgcc.a(divdf3.o)
 .debug_info    0x0000000000000000      0x221 /opt/riscv/lib/gcc/riscv64-unknown-elf/11.1.0/rv32im/ilp32/libgcc.a(eqdf2.o)
 .debug_abbrev  0x0000000000000000      0x153 /opt/riscv/lib/gcc/riscv64-unknown-elf/11.1.0/rv32im/ilp32/libgcc.a(eqdf2.o)
 .debug_loclists
                0x0000000000000000       0xb2 /opt/riscv/lib/gcc/riscv64-unknown-elf/11.1.0/rv32im/ilp32/libgcc.a(eqdf2.o)
 .debug_aranges
                0x0000000000000000       0x20 /opt/riscv/lib/gcc/riscv64-unknown-elf/11.1.0/rv32im/ilp32/libgcc.a(eqdf2.o)
 .debug_rnglists
                0x0000000000000000       0x4d /opt/riscv/lib/gcc/riscv64-unknown-elf/11.1.0/rv32im/ilp32/libgcc.a(eqdf2.o)
 .debug_line    0x0000000000000000      0x227 /opt/riscv/lib/gcc/riscv64-unknown-elf/11.1.0/rv32im/ilp32/libgcc.a(eqdf2.o)
 .debug_str     0x0000000000000000      0x1b3 /opt/riscv/lib/gcc/riscv64-unknown-elf/11.1.0/rv32im/ilp32/libgcc.a(eqdf2.o)
 .debug_line_str
                0x0000000000000000      0x14f /opt/riscv/lib/gcc/riscv64-unknown-elf/11.1.0/rv32im/ilp32/libgcc.a(eqdf2.o)
 .debug_frame   0x0000000000000000       0x20 /opt/riscv/lib/gcc/riscv64-unknown-elf/11.1.0/rv32im/ilp32/libgcc.a(eqdf2.o)
 .debug_info    0x0000000000000000      0x21e /opt/riscv/lib/gcc/riscv64-unknown-elf/11.1.0/rv32im/ilp32/libgcc.a(gedf2.o)
 .debug_abbrev  0x0000000000000000      0x166 /opt/riscv/lib/gcc/riscv64-unknown-elf/11.1.0/rv32im/ilp32/libgcc.a(gedf2.o)
 .debug_loclists
                0x0000000000000000      0x117 /opt/riscv/lib/gcc/riscv64-unknown-elf/11.1.0/rv32im/ilp32/libgcc.a(gedf2.o)
 .debug_aranges
                0x0000000000000000       0x20 /opt/riscv/lib/gcc/riscv64-unknown-elf/11.1.0/rv32im/ilp32/libgcc.a(gedf2.o)
 .debug_rnglists
                0x0000000000000000       0x4e /opt/riscv/lib/gcc/riscv64-unknown-elf/11.1.0/rv32im/ilp32/libgcc.a(gedf2.o)
 .debug_line    0x0000000000000000      0x2bc /opt/riscv/lib/gcc/riscv64-unknown-elf/11.1.0/rv32im/ilp32/libgcc.a(gedf2.o)
 .debug_str     0x0000000000000000      0x1d7 /opt/riscv/lib/gcc/riscv64-unknown-elf/11.1.0/rv32im/ilp32/libgcc.a(gedf2.o)
 .debug_line_str
                0x0000000000000000      0x14f /opt/riscv/lib/gcc/riscv64-unknown-elf/11.1.0/rv32im/ilp32/libgcc.a(gedf2.o)
 .debug_frame   0x0000000000000000       0x20 /opt/riscv/lib/gcc/riscv64-unknown-elf/11.1.0/rv32im/ilp32/libgcc.a(gedf2.o)
 .debug_info    0x0000000000000000      0x21e /opt/riscv/lib/gcc/riscv64-unknown-elf/11.1.0/rv32im/ilp32/libgcc.a(ledf2.o)
 .debug_abbrev  0x0000000000000000      0x166 /opt/riscv/lib/gcc/riscv64-unknown-elf/11.1.0/rv32im/ilp32/libgcc.a(ledf2.o)
 .debug_loclists
                0x0000000000000000      0x117 /opt/riscv/lib/gcc/riscv64-unknown-elf/11.1.0/rv32im/ilp32/libgcc.a(ledf2.o)
 .debug_aranges
                0x0000000000000000       0x20 /opt/riscv/lib/gcc/riscv64-unknown-elf/11.1.0/rv32im/ilp32/libgcc.a(ledf2.o)
 .debug_rnglists
                0x0000000000000000       0x4e /opt/riscv/lib/gcc/riscv64-unknown-elf/11.1.0/rv32im/ilp32/libgcc.a(ledf2.o)
 .debug_line    0x0000000000000000      0x2bc /opt/riscv/lib/gcc/riscv64-unknown-elf/11.1.0/rv32im/ilp32/libgcc.a(ledf2.o)
 .debug_str     0x0000000000000000      0x1d7 /opt/riscv/lib/gcc/riscv64-unknown-elf/11.1.0/rv32im/ilp32/libgcc.a(ledf2.o)
 .debug_line_str
                0x0000000000000000      0x14f /opt/riscv/lib/gcc/riscv64-unknown-elf/11.1.0/rv32im/ilp32/libgcc.a(ledf2.o)
 .debug_frame   0x0000000000000000       0x20 /opt/riscv/lib/gcc/riscv64-unknown-elf/11.1.0/rv32im/ilp32/libgcc.a(ledf2.o)
 .debug_info    0x0000000000000000      0x6b6 /opt/riscv/lib/gcc/riscv64-unknown-elf/11.1.0/rv32im/ilp32/libgcc.a(muldf3.o)
 .debug_abbrev  0x0000000000000000      0x185 /opt/riscv/lib/gcc/riscv64-unknown-elf/11.1.0/rv32im/ilp32/libgcc.a(muldf3.o)
 .debug_loclists
                0x0000000000000000      0xc5a /opt/riscv/lib/gcc/riscv64-unknown-elf/11.1.0/rv32im/ilp32/libgcc.a(muldf3.o)
 .debug_aranges
                0x0000000000000000       0x20 /opt/riscv/lib/gcc/riscv64-unknown-elf/11.1.0/rv32im/ilp32/libgcc.a(muldf3.o)
 .debug_rnglists
                0x0000000000000000      0x1dd /opt/riscv/lib/gcc/riscv64-unknown-elf/11.1.0/rv32im/ilp32/libgcc.a(muldf3.o)
 .debug_line    0x0000000000000000      0xda9 /opt/riscv/lib/gcc/riscv64-unknown-elf/11.1.0/rv32im/ilp32/libgcc.a(muldf3.o)
 .debug_str     0x0000000000000000      0x3bb /opt/riscv/lib/gcc/riscv64-unknown-elf/11.1.0/rv32im/ilp32/libgcc.a(muldf3.o)
 .debug_line_str
                0x0000000000000000      0x14c /opt/riscv/lib/gcc/riscv64-unknown-elf/11.1.0/rv32im/ilp32/libgcc.a(muldf3.o)
 .debug_frame   0x0000000000000000       0x54 /opt/riscv/lib/gcc/riscv64-unknown-elf/11.1.0/rv32im/ilp32/libgcc.a(muldf3.o)
 .debug_info    0x0000000000000000      0x4fc /opt/riscv/lib/gcc/riscv64-unknown-elf/11.1.0/rv32im/ilp32/libgcc.a(subdf3.o)
 .debug_abbrev  0x0000000000000000      0x176 /opt/riscv/lib/gcc/riscv64-unknown-elf/11.1.0/rv32im/ilp32/libgcc.a(subdf3.o)
 .debug_loclists
                0x0000000000000000     0x10df /opt/riscv/lib/gcc/riscv64-unknown-elf/11.1.0/rv32im/ilp32/libgcc.a(subdf3.o)
 .debug_aranges
                0x0000000000000000       0x20 /opt/riscv/lib/gcc/riscv64-unknown-elf/11.1.0/rv32im/ilp32/libgcc.a(subdf3.o)
 .debug_rnglists
                0x0000000000000000      0x22e /opt/riscv/lib/gcc/riscv64-unknown-elf/11.1.0/rv32im/ilp32/libgcc.a(subdf3.o)
 .debug_line    0x0000000000000000     0x1054 /opt/riscv/lib/gcc/riscv64-unknown-elf/11.1.0/rv32im/ilp32/libgcc.a(subdf3.o)
 .debug_str     0x0000000000000000      0x2a1 /opt/riscv/lib/gcc/riscv64-unknown-elf/11.1.0/rv32im/ilp32/libgcc.a(subdf3.o)
 .debug_line_str
                0x0000000000000000      0x142 /opt/riscv/lib/gcc/riscv64-unknown-elf/11.1.0/rv32im/ilp32/libgcc.a(subdf3.o)
 .debug_frame   0x0000000000000000       0x44 /opt/riscv/lib/gcc/riscv64-unknown-elf/11.1.0/rv32im/ilp32/libgcc.a(subdf3.o)
 .debug_info    0x0000000000000000      0x1ca /opt/riscv/lib/gcc/riscv64-unknown-elf/11.1.0/rv32im/ilp32/libgcc.a(fixdfsi.o)
 .debug_abbrev  0x0000000000000000      0x15d /opt/riscv/lib/gcc/riscv64-unknown-elf/11.1.0/rv32im/ilp32/libgcc.a(fixdfsi.o)
 .debug_loclists
                0x0000000000000000      0x167 /opt/riscv/lib/gcc/riscv64-unknown-elf/11.1.0/rv32im/ilp32/libgcc.a(fixdfsi.o)
 .debug_aranges
                0x0000000000000000       0x20 /opt/riscv/lib/gcc/riscv64-unknown-elf/11.1.0/rv32im/ilp32/libgcc.a(fixdfsi.o)
 .debug_rnglists
                0x0000000000000000       0x1f /opt/riscv/lib/gcc/riscv64-unknown-elf/11.1.0/rv32im/ilp32/libgcc.a(fixdfsi.o)
 .debug_line    0x0000000000000000      0x1eb /opt/riscv/lib/gcc/riscv64-unknown-elf/11.1.0/rv32im/ilp32/libgcc.a(fixdfsi.o)
 .debug_str     0x0000000000000000      0x1ae /opt/riscv/lib/gcc/riscv64-unknown-elf/11.1.0/rv32im/ilp32/libgcc.a(fixdfsi.o)
 .debug_line_str
                0x0000000000000000      0x14f /opt/riscv/lib/gcc/riscv64-unknown-elf/11.1.0/rv32im/ilp32/libgcc.a(fixdfsi.o)
 .debug_frame   0x0000000000000000       0x20 /opt/riscv/lib/gcc/riscv64-unknown-elf/11.1.0/rv32im/ilp32/libgcc.a(fixdfsi.o)
 .debug_info    0x0000000000000000      0x1ad /opt/riscv/lib/gcc/riscv64-unknown-elf/11.1.0/rv32im/ilp32/libgcc.a(fixunsdfsi.o)
 .debug_abbrev  0x0000000000000000      0x162 /opt/riscv/lib/gcc/riscv64-unknown-elf/11.1.0/rv32im/ilp32/libgcc.a(fixunsdfsi.o)
 .debug_loclists
                0x0000000000000000       0xdc /opt/riscv/lib/gcc/riscv64-unknown-elf/11.1.0/rv32im/ilp32/libgcc.a(fixunsdfsi.o)
 .debug_aranges
                0x0000000000000000       0x20 /opt/riscv/lib/gcc/riscv64-unknown-elf/11.1.0/rv32im/ilp32/libgcc.a(fixunsdfsi.o)
 .debug_rnglists
                0x0000000000000000       0x28 /opt/riscv/lib/gcc/riscv64-unknown-elf/11.1.0/rv32im/ilp32/libgcc.a(fixunsdfsi.o)
 .debug_line    0x0000000000000000      0x179 /opt/riscv/lib/gcc/riscv64-unknown-elf/11.1.0/rv32im/ilp32/libgcc.a(fixunsdfsi.o)
 .debug_str     0x0000000000000000      0x1aa /opt/riscv/lib/gcc/riscv64-unknown-elf/11.1.0/rv32im/ilp32/libgcc.a(fixunsdfsi.o)
 .debug_line_str
                0x0000000000000000      0x158 /opt/riscv/lib/gcc/riscv64-unknown-elf/11.1.0/rv32im/ilp32/libgcc.a(fixunsdfsi.o)
 .debug_frame   0x0000000000000000       0x20 /opt/riscv/lib/gcc/riscv64-unknown-elf/11.1.0/rv32im/ilp32/libgcc.a(fixunsdfsi.o)
 .debug_info    0x0000000000000000      0x268 /opt/riscv/lib/gcc/riscv64-unknown-elf/11.1.0/rv32im/ilp32/libgcc.a(floatsidf.o)
 .debug_abbrev  0x0000000000000000      0x164 /opt/riscv/lib/gcc/riscv64-unknown-elf/11.1.0/rv32im/ilp32/libgcc.a(floatsidf.o)
 .debug_loclists
                0x0000000000000000      0x134 /opt/riscv/lib/gcc/riscv64-unknown-elf/11.1.0/rv32im/ilp32/libgcc.a(floatsidf.o)
 .debug_aranges
                0x0000000000000000       0x20 /opt/riscv/lib/gcc/riscv64-unknown-elf/11.1.0/rv32im/ilp32/libgcc.a(floatsidf.o)
 .debug_rnglists
                0x0000000000000000       0x61 /opt/riscv/lib/gcc/riscv64-unknown-elf/11.1.0/rv32im/ilp32/libgcc.a(floatsidf.o)
 .debug_line    0x0000000000000000      0x223 /opt/riscv/lib/gcc/riscv64-unknown-elf/11.1.0/rv32im/ilp32/libgcc.a(floatsidf.o)
 .debug_str     0x0000000000000000      0x24b /opt/riscv/lib/gcc/riscv64-unknown-elf/11.1.0/rv32im/ilp32/libgcc.a(floatsidf.o)
 .debug_line_str
                0x0000000000000000      0x155 /opt/riscv/lib/gcc/riscv64-unknown-elf/11.1.0/rv32im/ilp32/libgcc.a(floatsidf.o)
 .debug_frame   0x0000000000000000       0x38 /opt/riscv/lib/gcc/riscv64-unknown-elf/11.1.0/rv32im/ilp32/libgcc.a(floatsidf.o)
 .debug_info    0x0000000000000000      0x25d /opt/riscv/lib/gcc/riscv64-unknown-elf/11.1.0/rv32im/ilp32/libgcc.a(floatunsidf.o)
 .debug_abbrev  0x0000000000000000      0x163 /opt/riscv/lib/gcc/riscv64-unknown-elf/11.1.0/rv32im/ilp32/libgcc.a(floatunsidf.o)
 .debug_loclists
                0x0000000000000000      0x137 /opt/riscv/lib/gcc/riscv64-unknown-elf/11.1.0/rv32im/ilp32/libgcc.a(floatunsidf.o)
 .debug_aranges
                0x0000000000000000       0x20 /opt/riscv/lib/gcc/riscv64-unknown-elf/11.1.0/rv32im/ilp32/libgcc.a(floatunsidf.o)
 .debug_rnglists
                0x0000000000000000       0x6a /opt/riscv/lib/gcc/riscv64-unknown-elf/11.1.0/rv32im/ilp32/libgcc.a(floatunsidf.o)
 .debug_line    0x0000000000000000      0x241 /opt/riscv/lib/gcc/riscv64-unknown-elf/11.1.0/rv32im/ilp32/libgcc.a(floatunsidf.o)
 .debug_str     0x0000000000000000      0x246 /opt/riscv/lib/gcc/riscv64-unknown-elf/11.1.0/rv32im/ilp32/libgcc.a(floatunsidf.o)
 .debug_line_str
                0x0000000000000000      0x15b /opt/riscv/lib/gcc/riscv64-unknown-elf/11.1.0/rv32im/ilp32/libgcc.a(floatunsidf.o)
 .debug_frame   0x0000000000000000       0x34 /opt/riscv/lib/gcc/riscv64-unknown-elf/11.1.0/rv32im/ilp32/libgcc.a(floatunsidf.o)
 .debug_info    0x0000000000000000       0xd8 /opt/riscv/lib/gcc/riscv64-unknown-elf/11.1.0/rv32im/ilp32/libgcc.a(_clz.o)
 .debug_abbrev  0x0000000000000000       0x70 /opt/riscv/lib/gcc/riscv64-unknown-elf/11.1.0/rv32im/ilp32/libgcc.a(_clz.o)
 .debug_aranges
                0x0000000000000000       0x18 /opt/riscv/lib/gcc/riscv64-unknown-elf/11.1.0/rv32im/ilp32/libgcc.a(_clz.o)
 .debug_line    0x0000000000000000       0x3f /opt/riscv/lib/gcc/riscv64-unknown-elf/11.1.0/rv32im/ilp32/libgcc.a(_clz.o)
 .debug_str     0x0000000000000000      0x194 /opt/riscv/lib/gcc/riscv64-unknown-elf/11.1.0/rv32im/ilp32/libgcc.a(_clz.o)
 .debug_line_str
                0x0000000000000000      0x136 /opt/riscv/lib/gcc/riscv64-unknown-elf/11.1.0/rv32im/ilp32/libgcc.a(_clz.o)
 .debug_info    0x0000000000000000      0x142 /opt/riscv/lib/gcc/riscv64-unknown-elf/11.1.0/rv32im/ilp32/libgcc.a(_clzsi2.o)
 .debug_abbrev  0x0000000000000000       0xca /opt/riscv/lib/gcc/riscv64-unknown-elf/11.1.0/rv32im/ilp32/libgcc.a(_clzsi2.o)
 .debug_loclists
                0x0000000000000000       0x62 /opt/riscv/lib/gcc/riscv64-unknown-elf/11.1.0/rv32im/ilp32/libgcc.a(_clzsi2.o)
 .debug_aranges
                0x0000000000000000       0x20 /opt/riscv/lib/gcc/riscv64-unknown-elf/11.1.0/rv32im/ilp32/libgcc.a(_clzsi2.o)
 .debug_rnglists
                0x0000000000000000       0x28 /opt/riscv/lib/gcc/riscv64-unknown-elf/11.1.0/rv32im/ilp32/libgcc.a(_clzsi2.o)
 .debug_line    0x0000000000000000       0xcb /opt/riscv/lib/gcc/riscv64-unknown-elf/11.1.0/rv32im/ilp32/libgcc.a(_clzsi2.o)
 .debug_str     0x0000000000000000      0x1b1 /opt/riscv/lib/gcc/riscv64-unknown-elf/11.1.0/rv32im/ilp32/libgcc.a(_clzsi2.o)
 .debug_line_str
                0x0000000000000000      0x136 /opt/riscv/lib/gcc/riscv64-unknown-elf/11.1.0/rv32im/ilp32/libgcc.a(_clzsi2.o)
 .debug_frame   0x0000000000000000       0x20 /opt/riscv/lib/gcc/riscv64-unknown-elf/11.1.0/rv32im/ilp32/libgcc.a(_clzsi2.o)

Memory Configuration

Name             Origin             Length             Attributes
*default*        0x0000000000000000 0xffffffffffffffff

Linker script and memory map


.memory         0x0000000000000000     0x4d58
                0x0000000000000000                . = 0x0
 *(.init)
 .init          0x0000000000000000       0x18 /tmp/ccbizYBc.o
 *(.text)
 .text          0x0000000000000018       0x74 /tmp/ccRW3DVW.o
                0x0000000000000018                cache_init
                0x0000000000000028                cache_invalidate
                0x0000000000000032                cache_wtb_empty
                0x000000000000003c                cache_wtb_full
                0x0000000000000046                cache_hit
                0x0000000000000050                cache_miss
                0x000000000000005a                cache_read_hit
                0x0000000000000064                cache_read_miss
                0x000000000000006e                cache_write_hit
                0x0000000000000078                cache_write_miss
                0x0000000000000082                cache_counter_reset
 .text          0x000000000000008c      0x19c /tmp/ccttRx4h.o
                0x000000000000008c                uart_txwait
                0x000000000000009a                uart_putc
                0x00000000000000b0                uart_rxwait
                0x00000000000000be                uart_getc
                0x00000000000000cc                uart_init
                0x00000000000000f0                uart_finish
                0x00000000000000fe                uart_puts
                0x000000000000011a                uart_sendstr
                0x0000000000000138                uart_recvfile
                0x00000000000001b0                uart_sendfile
 .text          0x0000000000000228       0x68 /tmp/ccKLROxl.o
                0x0000000000000228                IOB_UART_INIT_BASEADDR
                0x0000000000000230                IOB_UART_SET_SOFTRESET
                0x000000000000023c                IOB_UART_SET_DIV
                0x0000000000000248                IOB_UART_SET_TXDATA
                0x0000000000000254                IOB_UART_SET_TXEN
                0x0000000000000260                IOB_UART_SET_RXEN
                0x000000000000026c                IOB_UART_GET_TXREADY
                0x0000000000000278                IOB_UART_GET_RXDATA
                0x0000000000000284                IOB_UART_GET_RXREADY
 .text          0x0000000000000290        0x0 /tmp/ccbizYBc.o
 .text          0x0000000000000290       0x50 /tmp/ccgW458C.o
                0x0000000000000290                string_copy
                0x00000000000002b8                compare_str
 .text          0x00000000000002e0     0x11c2 /tmp/ccapNQLG.o
                0x00000000000013dc                printf_
                0x0000000000001406                sprintf_
                0x000000000000142c                snprintf_
                0x0000000000001450                vprintf_
                0x000000000000146a                vsnprintf_
                0x0000000000001478                fctprintf
 *fill*         0x00000000000014a2        0x2 
 .text          0x00000000000014a4      0x430 /opt/riscv/lib/gcc/riscv64-unknown-elf/11.1.0/rv32im/ilp32/libgcc.a(_udivdi3.o)
                0x00000000000014a4                __udivdi3
 .text          0x00000000000018d4      0x3e4 /opt/riscv/lib/gcc/riscv64-unknown-elf/11.1.0/rv32im/ilp32/libgcc.a(_umoddi3.o)
                0x00000000000018d4                __umoddi3
 .text          0x0000000000001cb8      0x7dc /opt/riscv/lib/gcc/riscv64-unknown-elf/11.1.0/rv32im/ilp32/libgcc.a(adddf3.o)
                0x0000000000001cb8                __adddf3
 .text          0x0000000000002494      0x6dc /opt/riscv/lib/gcc/riscv64-unknown-elf/11.1.0/rv32im/ilp32/libgcc.a(divdf3.o)
                0x0000000000002494                __divdf3
 .text          0x0000000000002b70       0x8c /opt/riscv/lib/gcc/riscv64-unknown-elf/11.1.0/rv32im/ilp32/libgcc.a(eqdf2.o)
                0x0000000000002b70                __eqdf2
                0x0000000000002b70                __nedf2
 .text          0x0000000000002bfc       0xe4 /opt/riscv/lib/gcc/riscv64-unknown-elf/11.1.0/rv32im/ilp32/libgcc.a(gedf2.o)
                0x0000000000002bfc                __gtdf2
                0x0000000000002bfc                __gedf2
 .text          0x0000000000002ce0       0xe4 /opt/riscv/lib/gcc/riscv64-unknown-elf/11.1.0/rv32im/ilp32/libgcc.a(ledf2.o)
                0x0000000000002ce0                __ltdf2
                0x0000000000002ce0                __ledf2
 .text          0x0000000000002dc4      0x60c /opt/riscv/lib/gcc/riscv64-unknown-elf/11.1.0/rv32im/ilp32/libgcc.a(muldf3.o)
                0x0000000000002dc4                __muldf3
 .text          0x00000000000033d0      0x7f0 /opt/riscv/lib/gcc/riscv64-unknown-elf/11.1.0/rv32im/ilp32/libgcc.a(subdf3.o)
                0x00000000000033d0                __subdf3
 .text          0x0000000000003bc0       0x80 /opt/riscv/lib/gcc/riscv64-unknown-elf/11.1.0/rv32im/ilp32/libgcc.a(fixdfsi.o)
                0x0000000000003bc0                __fixdfsi
 .text          0x0000000000003c40       0x7c /opt/riscv/lib/gcc/riscv64-unknown-elf/11.1.0/rv32im/ilp32/libgcc.a(fixunsdfsi.o)
                0x0000000000003c40                __fixunsdfsi
 .text          0x0000000000003cbc       0xa8 /opt/riscv/lib/gcc/riscv64-unknown-elf/11.1.0/rv32im/ilp32/libgcc.a(floatsidf.o)
                0x0000000000003cbc                __floatsidf
 .text          0x0000000000003d64       0x80 /opt/riscv/lib/gcc/riscv64-unknown-elf/11.1.0/rv32im/ilp32/libgcc.a(floatunsidf.o)
                0x0000000000003d64                __floatunsidf
 .text          0x0000000000003de4        0x0 /opt/riscv/lib/gcc/riscv64-unknown-elf/11.1.0/rv32im/ilp32/libgcc.a(_clz.o)
 .text          0x0000000000003de4       0x4c /opt/riscv/lib/gcc/riscv64-unknown-elf/11.1.0/rv32im/ilp32/libgcc.a(_clzsi2.o)
                0x0000000000003de4                __clzsi2
 .text          0x0000000000003e30        0x0 /opt/riscv/lib/gcc/riscv64-unknown-elf/11.1.0/../../../../riscv64-unknown-elf/lib/rv32im/ilp32/libc_nano.a(lib_a-malloc.o)
 .text          0x0000000000003e30        0x0 /opt/riscv/lib/gcc/riscv64-unknown-elf/11.1.0/../../../../riscv64-unknown-elf/lib/rv32im/ilp32/libc_nano.a(lib_a-nano-freer.o)
 .text          0x0000000000003e30        0x0 /opt/riscv/lib/gcc/riscv64-unknown-elf/11.1.0/../../../../riscv64-unknown-elf/lib/rv32im/ilp32/libc_nano.a(lib_a-nano-mallocr.o)
 .text          0x0000000000003e30        0x0 /opt/riscv/lib/gcc/riscv64-unknown-elf/11.1.0/../../../../riscv64-unknown-elf/lib/rv32im/ilp32/libc_nano.a(lib_a-sbrkr.o)
 .text          0x0000000000003e30        0x0 /opt/riscv/lib/gcc/riscv64-unknown-elf/11.1.0/../../../../riscv64-unknown-elf/lib/rv32im/ilp32/libc_nano.a(lib_a-impure.o)
 .text          0x0000000000003e30        0x0 /opt/riscv/lib/gcc/riscv64-unknown-elf/11.1.0/../../../../riscv64-unknown-elf/lib/rv32im/ilp32/libc_nano.a(lib_a-mlock.o)
 .text          0x0000000000003e30        0x0 /opt/riscv/lib/gcc/riscv64-unknown-elf/11.1.0/../../../../riscv64-unknown-elf/lib/rv32im/ilp32/libc_nano.a(lib_a-reent.o)
 .text          0x0000000000003e30        0x0 /opt/riscv/lib/gcc/riscv64-unknown-elf/11.1.0/../../../../riscv64-unknown-elf/lib/rv32im/ilp32/libnosys.a(sbrk.o)
 *(*)
 .data          0x0000000000003e30        0x0 /tmp/ccRW3DVW.o
 .bss           0x0000000000003e30        0x0 /tmp/ccRW3DVW.o
 .sbss          0x0000000000003e30        0x4 /tmp/ccRW3DVW.o
 .comment       0x0000000000003e34        0xf /tmp/ccRW3DVW.o
                                         0x10 (size before relaxing)
 .riscv.attributes
                0x0000000000003e43       0x26 /tmp/ccRW3DVW.o
 .rela.data.impure_data
                0x0000000000003e69        0x0 /tmp/ccRW3DVW.o
 .rela.text._sbrk
                0x0000000000003e69        0x0 /tmp/ccRW3DVW.o
 .data          0x0000000000003e69        0x0 /tmp/ccttRx4h.o
 .bss           0x0000000000003e69        0x0 /tmp/ccttRx4h.o
 *fill*         0x0000000000003e69        0x3 
 .rodata.str1.4
                0x0000000000003e6c       0x69 /tmp/ccttRx4h.o
 .comment       0x0000000000003ed5       0x10 /tmp/ccttRx4h.o
 .riscv.attributes
                0x0000000000003ed5       0x26 /tmp/ccttRx4h.o
 .data          0x0000000000003efb        0x0 /tmp/ccKLROxl.o
 .bss           0x0000000000003efb        0x0 /tmp/ccKLROxl.o
 *fill*         0x0000000000003efb        0x1 
 .sbss          0x0000000000003efc        0x4 /tmp/ccKLROxl.o
 .comment       0x0000000000003f00       0x10 /tmp/ccKLROxl.o
 .riscv.attributes
                0x0000000000003f00       0x26 /tmp/ccKLROxl.o
 .data          0x0000000000003f26        0x0 /tmp/ccbizYBc.o
 .bss           0x0000000000003f26        0x0 /tmp/ccbizYBc.o
 .riscv.attributes
                0x0000000000003f26       0x24 /tmp/ccbizYBc.o
 .data          0x0000000000003f4a        0x0 /tmp/ccgW458C.o
 .bss           0x0000000000003f4a        0x0 /tmp/ccgW458C.o
 *fill*         0x0000000000003f4a        0x2 
 .rodata.str1.4
                0x0000000000003f4c      0x1e9 /tmp/ccgW458C.o
 *fill*         0x0000000000004135        0x1 
 .text.startup  0x0000000000004136       0xa6 /tmp/ccgW458C.o
                0x0000000000004136                main
 *fill*         0x00000000000041dc        0x4 
 .srodata.cst8  0x00000000000041e0        0x8 /tmp/ccgW458C.o
 .sdata         0x00000000000041e8        0x4 /tmp/ccgW458C.o
                0x00000000000041e8                send_string
 .comment       0x00000000000041ec       0x10 /tmp/ccgW458C.o
 .riscv.attributes
                0x00000000000041ec       0x26 /tmp/ccgW458C.o
 .data          0x0000000000004212        0x0 /tmp/ccapNQLG.o
 .bss           0x0000000000004212        0x0 /tmp/ccapNQLG.o
 *fill*         0x0000000000004212        0x2 
 .rodata.str1.4
                0x0000000000004214       0x15 /tmp/ccapNQLG.o
 *fill*         0x0000000000004229        0x7 
 .rodata        0x0000000000004230       0x90 /tmp/ccapNQLG.o
 .srodata.cst8  0x00000000000042c0       0x98 /tmp/ccapNQLG.o
 .comment       0x0000000000004358       0x10 /tmp/ccapNQLG.o
 .riscv.attributes
                0x0000000000004358       0x26 /tmp/ccapNQLG.o
 .data          0x000000000000437e        0x0 /opt/riscv/lib/gcc/riscv64-unknown-elf/11.1.0/rv32im/ilp32/libgcc.a(_udivdi3.o)
 .bss           0x000000000000437e        0x0 /opt/riscv/lib/gcc/riscv64-unknown-elf/11.1.0/rv32im/ilp32/libgcc.a(_udivdi3.o)
 .comment       0x000000000000437e       0x10 /opt/riscv/lib/gcc/riscv64-unknown-elf/11.1.0/rv32im/ilp32/libgcc.a(_udivdi3.o)
 *fill*         0x000000000000437e        0x2 
 .eh_frame      0x0000000000004380       0x28 /opt/riscv/lib/gcc/riscv64-unknown-elf/11.1.0/rv32im/ilp32/libgcc.a(_udivdi3.o)
 .riscv.attributes
                0x00000000000043a8       0x21 /opt/riscv/lib/gcc/riscv64-unknown-elf/11.1.0/rv32im/ilp32/libgcc.a(_udivdi3.o)
 .data          0x00000000000043c9        0x0 /opt/riscv/lib/gcc/riscv64-unknown-elf/11.1.0/rv32im/ilp32/libgcc.a(_umoddi3.o)
 .bss           0x00000000000043c9        0x0 /opt/riscv/lib/gcc/riscv64-unknown-elf/11.1.0/rv32im/ilp32/libgcc.a(_umoddi3.o)
 .comment       0x00000000000043c9       0x10 /opt/riscv/lib/gcc/riscv64-unknown-elf/11.1.0/rv32im/ilp32/libgcc.a(_umoddi3.o)
 *fill*         0x00000000000043c9        0x3 
 .eh_frame      0x00000000000043cc       0x28 /opt/riscv/lib/gcc/riscv64-unknown-elf/11.1.0/rv32im/ilp32/libgcc.a(_umoddi3.o)
 .riscv.attributes
                0x00000000000043f4       0x21 /opt/riscv/lib/gcc/riscv64-unknown-elf/11.1.0/rv32im/ilp32/libgcc.a(_umoddi3.o)
 .data          0x0000000000004415        0x0 /opt/riscv/lib/gcc/riscv64-unknown-elf/11.1.0/rv32im/ilp32/libgcc.a(adddf3.o)
 .bss           0x0000000000004415        0x0 /opt/riscv/lib/gcc/riscv64-unknown-elf/11.1.0/rv32im/ilp32/libgcc.a(adddf3.o)
 .comment       0x0000000000004415       0x10 /opt/riscv/lib/gcc/riscv64-unknown-elf/11.1.0/rv32im/ilp32/libgcc.a(adddf3.o)
 .riscv.attributes
                0x0000000000004415       0x21 /opt/riscv/lib/gcc/riscv64-unknown-elf/11.1.0/rv32im/ilp32/libgcc.a(adddf3.o)
 .data          0x0000000000004436        0x0 /opt/riscv/lib/gcc/riscv64-unknown-elf/11.1.0/rv32im/ilp32/libgcc.a(divdf3.o)
 .bss           0x0000000000004436        0x0 /opt/riscv/lib/gcc/riscv64-unknown-elf/11.1.0/rv32im/ilp32/libgcc.a(divdf3.o)
 *fill*         0x0000000000004436        0x2 
 .rodata        0x0000000000004438       0x3c /opt/riscv/lib/gcc/riscv64-unknown-elf/11.1.0/rv32im/ilp32/libgcc.a(divdf3.o)
 .comment       0x0000000000004474       0x10 /opt/riscv/lib/gcc/riscv64-unknown-elf/11.1.0/rv32im/ilp32/libgcc.a(divdf3.o)
 .riscv.attributes
                0x0000000000004474       0x21 /opt/riscv/lib/gcc/riscv64-unknown-elf/11.1.0/rv32im/ilp32/libgcc.a(divdf3.o)
 .data          0x0000000000004495        0x0 /opt/riscv/lib/gcc/riscv64-unknown-elf/11.1.0/rv32im/ilp32/libgcc.a(eqdf2.o)
 .bss           0x0000000000004495        0x0 /opt/riscv/lib/gcc/riscv64-unknown-elf/11.1.0/rv32im/ilp32/libgcc.a(eqdf2.o)
 .comment       0x0000000000004495       0x10 /opt/riscv/lib/gcc/riscv64-unknown-elf/11.1.0/rv32im/ilp32/libgcc.a(eqdf2.o)
 .riscv.attributes
                0x0000000000004495       0x21 /opt/riscv/lib/gcc/riscv64-unknown-elf/11.1.0/rv32im/ilp32/libgcc.a(eqdf2.o)
 .data          0x00000000000044b6        0x0 /opt/riscv/lib/gcc/riscv64-unknown-elf/11.1.0/rv32im/ilp32/libgcc.a(gedf2.o)
 .bss           0x00000000000044b6        0x0 /opt/riscv/lib/gcc/riscv64-unknown-elf/11.1.0/rv32im/ilp32/libgcc.a(gedf2.o)
 .comment       0x00000000000044b6       0x10 /opt/riscv/lib/gcc/riscv64-unknown-elf/11.1.0/rv32im/ilp32/libgcc.a(gedf2.o)
 .riscv.attributes
                0x00000000000044b6       0x21 /opt/riscv/lib/gcc/riscv64-unknown-elf/11.1.0/rv32im/ilp32/libgcc.a(gedf2.o)
 .data          0x00000000000044d7        0x0 /opt/riscv/lib/gcc/riscv64-unknown-elf/11.1.0/rv32im/ilp32/libgcc.a(ledf2.o)
 .bss           0x00000000000044d7        0x0 /opt/riscv/lib/gcc/riscv64-unknown-elf/11.1.0/rv32im/ilp32/libgcc.a(ledf2.o)
 .comment       0x00000000000044d7       0x10 /opt/riscv/lib/gcc/riscv64-unknown-elf/11.1.0/rv32im/ilp32/libgcc.a(ledf2.o)
 .riscv.attributes
                0x00000000000044d7       0x21 /opt/riscv/lib/gcc/riscv64-unknown-elf/11.1.0/rv32im/ilp32/libgcc.a(ledf2.o)
 .data          0x00000000000044f8        0x0 /opt/riscv/lib/gcc/riscv64-unknown-elf/11.1.0/rv32im/ilp32/libgcc.a(muldf3.o)
 .bss           0x00000000000044f8        0x0 /opt/riscv/lib/gcc/riscv64-unknown-elf/11.1.0/rv32im/ilp32/libgcc.a(muldf3.o)
 .comment       0x00000000000044f8       0x10 /opt/riscv/lib/gcc/riscv64-unknown-elf/11.1.0/rv32im/ilp32/libgcc.a(muldf3.o)
 .riscv.attributes
                0x00000000000044f8       0x21 /opt/riscv/lib/gcc/riscv64-unknown-elf/11.1.0/rv32im/ilp32/libgcc.a(muldf3.o)
 .data          0x0000000000004519        0x0 /opt/riscv/lib/gcc/riscv64-unknown-elf/11.1.0/rv32im/ilp32/libgcc.a(subdf3.o)
 .bss           0x0000000000004519        0x0 /opt/riscv/lib/gcc/riscv64-unknown-elf/11.1.0/rv32im/ilp32/libgcc.a(subdf3.o)
 .comment       0x0000000000004519       0x10 /opt/riscv/lib/gcc/riscv64-unknown-elf/11.1.0/rv32im/ilp32/libgcc.a(subdf3.o)
 .riscv.attributes
                0x0000000000004519       0x21 /opt/riscv/lib/gcc/riscv64-unknown-elf/11.1.0/rv32im/ilp32/libgcc.a(subdf3.o)
 .data          0x000000000000453a        0x0 /opt/riscv/lib/gcc/riscv64-unknown-elf/11.1.0/rv32im/ilp32/libgcc.a(fixdfsi.o)
 .bss           0x000000000000453a        0x0 /opt/riscv/lib/gcc/riscv64-unknown-elf/11.1.0/rv32im/ilp32/libgcc.a(fixdfsi.o)
 .comment       0x000000000000453a       0x10 /opt/riscv/lib/gcc/riscv64-unknown-elf/11.1.0/rv32im/ilp32/libgcc.a(fixdfsi.o)
 .riscv.attributes
                0x000000000000453a       0x21 /opt/riscv/lib/gcc/riscv64-unknown-elf/11.1.0/rv32im/ilp32/libgcc.a(fixdfsi.o)
 .data          0x000000000000455b        0x0 /opt/riscv/lib/gcc/riscv64-unknown-elf/11.1.0/rv32im/ilp32/libgcc.a(fixunsdfsi.o)
 .bss           0x000000000000455b        0x0 /opt/riscv/lib/gcc/riscv64-unknown-elf/11.1.0/rv32im/ilp32/libgcc.a(fixunsdfsi.o)
 .comment       0x000000000000455b       0x10 /opt/riscv/lib/gcc/riscv64-unknown-elf/11.1.0/rv32im/ilp32/libgcc.a(fixunsdfsi.o)
 .riscv.attributes
                0x000000000000455b       0x21 /opt/riscv/lib/gcc/riscv64-unknown-elf/11.1.0/rv32im/ilp32/libgcc.a(fixunsdfsi.o)
 .data          0x000000000000457c        0x0 /opt/riscv/lib/gcc/riscv64-unknown-elf/11.1.0/rv32im/ilp32/libgcc.a(floatsidf.o)
 .bss           0x000000000000457c        0x0 /opt/riscv/lib/gcc/riscv64-unknown-elf/11.1.0/rv32im/ilp32/libgcc.a(floatsidf.o)
 .comment       0x000000000000457c       0x10 /opt/riscv/lib/gcc/riscv64-unknown-elf/11.1.0/rv32im/ilp32/libgcc.a(floatsidf.o)
 .riscv.attributes
                0x000000000000457c       0x21 /opt/riscv/lib/gcc/riscv64-unknown-elf/11.1.0/rv32im/ilp32/libgcc.a(floatsidf.o)
 .data          0x000000000000459d        0x0 /opt/riscv/lib/gcc/riscv64-unknown-elf/11.1.0/rv32im/ilp32/libgcc.a(floatunsidf.o)
 .bss           0x000000000000459d        0x0 /opt/riscv/lib/gcc/riscv64-unknown-elf/11.1.0/rv32im/ilp32/libgcc.a(floatunsidf.o)
 .comment       0x000000000000459d       0x10 /opt/riscv/lib/gcc/riscv64-unknown-elf/11.1.0/rv32im/ilp32/libgcc.a(floatunsidf.o)
 .riscv.attributes
                0x000000000000459d       0x21 /opt/riscv/lib/gcc/riscv64-unknown-elf/11.1.0/rv32im/ilp32/libgcc.a(floatunsidf.o)
 .data          0x00000000000045be        0x0 /opt/riscv/lib/gcc/riscv64-unknown-elf/11.1.0/rv32im/ilp32/libgcc.a(_clz.o)
 .bss           0x00000000000045be        0x0 /opt/riscv/lib/gcc/riscv64-unknown-elf/11.1.0/rv32im/ilp32/libgcc.a(_clz.o)
 *fill*         0x00000000000045be        0x2 
 .rodata        0x00000000000045c0      0x100 /opt/riscv/lib/gcc/riscv64-unknown-elf/11.1.0/rv32im/ilp32/libgcc.a(_clz.o)
                0x00000000000045c0                __clz_tab
 .comment       0x00000000000046c0       0x10 /opt/riscv/lib/gcc/riscv64-unknown-elf/11.1.0/rv32im/ilp32/libgcc.a(_clz.o)
 .riscv.attributes
                0x00000000000046c0       0x21 /opt/riscv/lib/gcc/riscv64-unknown-elf/11.1.0/rv32im/ilp32/libgcc.a(_clz.o)
 .data          0x00000000000046e1        0x0 /opt/riscv/lib/gcc/riscv64-unknown-elf/11.1.0/rv32im/ilp32/libgcc.a(_clzsi2.o)
 .bss           0x00000000000046e1        0x0 /opt/riscv/lib/gcc/riscv64-unknown-elf/11.1.0/rv32im/ilp32/libgcc.a(_clzsi2.o)
 .comment       0x00000000000046e1       0x10 /opt/riscv/lib/gcc/riscv64-unknown-elf/11.1.0/rv32im/ilp32/libgcc.a(_clzsi2.o)
 .riscv.attributes
                0x00000000000046e1       0x21 /opt/riscv/lib/gcc/riscv64-unknown-elf/11.1.0/rv32im/ilp32/libgcc.a(_clzsi2.o)
 .data          0x0000000000004702        0x0 /opt/riscv/lib/gcc/riscv64-unknown-elf/11.1.0/../../../../riscv64-unknown-elf/lib/rv32im/ilp32/libc_nano.a(lib_a-malloc.o)
 .bss           0x0000000000004702        0x0 /opt/riscv/lib/gcc/riscv64-unknown-elf/11.1.0/../../../../riscv64-unknown-elf/lib/rv32im/ilp32/libc_nano.a(lib_a-malloc.o)
 *fill*         0x0000000000004702        0x2 
 .text.malloc   0x0000000000004704       0x10 /opt/riscv/lib/gcc/riscv64-unknown-elf/11.1.0/../../../../riscv64-unknown-elf/lib/rv32im/ilp32/libc_nano.a(lib_a-malloc.o)
                0x0000000000004704                malloc
 .text.free     0x0000000000004714       0x10 /opt/riscv/lib/gcc/riscv64-unknown-elf/11.1.0/../../../../riscv64-unknown-elf/lib/rv32im/ilp32/libc_nano.a(lib_a-malloc.o)
                0x0000000000004714                free
 .comment       0x0000000000004724       0x12 /opt/riscv/lib/gcc/riscv64-unknown-elf/11.1.0/../../../../riscv64-unknown-elf/lib/rv32im/ilp32/libc_nano.a(lib_a-malloc.o)
                                         0x13 (size before relaxing)
 .riscv.attributes
                0x0000000000004736       0x21 /opt/riscv/lib/gcc/riscv64-unknown-elf/11.1.0/../../../../riscv64-unknown-elf/lib/rv32im/ilp32/libc_nano.a(lib_a-malloc.o)
 .data          0x0000000000004757        0x0 /opt/riscv/lib/gcc/riscv64-unknown-elf/11.1.0/../../../../riscv64-unknown-elf/lib/rv32im/ilp32/libc_nano.a(lib_a-nano-freer.o)
 .bss           0x0000000000004757        0x0 /opt/riscv/lib/gcc/riscv64-unknown-elf/11.1.0/../../../../riscv64-unknown-elf/lib/rv32im/ilp32/libc_nano.a(lib_a-nano-freer.o)
 *fill*         0x0000000000004757        0x1 
 .text._free_r  0x0000000000004758       0xfc /opt/riscv/lib/gcc/riscv64-unknown-elf/11.1.0/../../../../riscv64-unknown-elf/lib/rv32im/ilp32/libc_nano.a(lib_a-nano-freer.o)
                0x0000000000004758                _free_r
 .comment       0x0000000000004854       0x13 /opt/riscv/lib/gcc/riscv64-unknown-elf/11.1.0/../../../../riscv64-unknown-elf/lib/rv32im/ilp32/libc_nano.a(lib_a-nano-freer.o)
 .riscv.attributes
                0x0000000000004854       0x21 /opt/riscv/lib/gcc/riscv64-unknown-elf/11.1.0/../../../../riscv64-unknown-elf/lib/rv32im/ilp32/libc_nano.a(lib_a-nano-freer.o)
 .data          0x0000000000004875        0x0 /opt/riscv/lib/gcc/riscv64-unknown-elf/11.1.0/../../../../riscv64-unknown-elf/lib/rv32im/ilp32/libc_nano.a(lib_a-nano-mallocr.o)
 .bss           0x0000000000004875        0x0 /opt/riscv/lib/gcc/riscv64-unknown-elf/11.1.0/../../../../riscv64-unknown-elf/lib/rv32im/ilp32/libc_nano.a(lib_a-nano-mallocr.o)
 *fill*         0x0000000000004875        0x3 
 .text._malloc_r
                0x0000000000004878      0x158 /opt/riscv/lib/gcc/riscv64-unknown-elf/11.1.0/../../../../riscv64-unknown-elf/lib/rv32im/ilp32/libc_nano.a(lib_a-nano-mallocr.o)
                0x0000000000004878                _malloc_r
 .sbss.__malloc_free_list
                0x00000000000049d0        0x4 /opt/riscv/lib/gcc/riscv64-unknown-elf/11.1.0/../../../../riscv64-unknown-elf/lib/rv32im/ilp32/libc_nano.a(lib_a-nano-mallocr.o)
                0x00000000000049d0                __malloc_free_list
 .sbss.__malloc_sbrk_start
                0x00000000000049d4        0x4 /opt/riscv/lib/gcc/riscv64-unknown-elf/11.1.0/../../../../riscv64-unknown-elf/lib/rv32im/ilp32/libc_nano.a(lib_a-nano-mallocr.o)
                0x00000000000049d4                __malloc_sbrk_start
 .comment       0x00000000000049d8       0x13 /opt/riscv/lib/gcc/riscv64-unknown-elf/11.1.0/../../../../riscv64-unknown-elf/lib/rv32im/ilp32/libc_nano.a(lib_a-nano-mallocr.o)
 .riscv.attributes
                0x00000000000049d8       0x21 /opt/riscv/lib/gcc/riscv64-unknown-elf/11.1.0/../../../../riscv64-unknown-elf/lib/rv32im/ilp32/libc_nano.a(lib_a-nano-mallocr.o)
 .data          0x00000000000049f9        0x0 /opt/riscv/lib/gcc/riscv64-unknown-elf/11.1.0/../../../../riscv64-unknown-elf/lib/rv32im/ilp32/libc_nano.a(lib_a-sbrkr.o)
 .bss           0x00000000000049f9        0x0 /opt/riscv/lib/gcc/riscv64-unknown-elf/11.1.0/../../../../riscv64-unknown-elf/lib/rv32im/ilp32/libc_nano.a(lib_a-sbrkr.o)
 *fill*         0x00000000000049f9        0x3 
 .text._sbrk_r  0x00000000000049fc       0x4c /opt/riscv/lib/gcc/riscv64-unknown-elf/11.1.0/../../../../riscv64-unknown-elf/lib/rv32im/ilp32/libc_nano.a(lib_a-sbrkr.o)
                0x00000000000049fc                _sbrk_r
 .comment       0x0000000000004a48       0x13 /opt/riscv/lib/gcc/riscv64-unknown-elf/11.1.0/../../../../riscv64-unknown-elf/lib/rv32im/ilp32/libc_nano.a(lib_a-sbrkr.o)
 .riscv.attributes
                0x0000000000004a48       0x21 /opt/riscv/lib/gcc/riscv64-unknown-elf/11.1.0/../../../../riscv64-unknown-elf/lib/rv32im/ilp32/libc_nano.a(lib_a-sbrkr.o)
 .data          0x0000000000004a69        0x0 /opt/riscv/lib/gcc/riscv64-unknown-elf/11.1.0/../../../../riscv64-unknown-elf/lib/rv32im/ilp32/libc_nano.a(lib_a-impure.o)
 .bss           0x0000000000004a69        0x0 /opt/riscv/lib/gcc/riscv64-unknown-elf/11.1.0/../../../../riscv64-unknown-elf/lib/rv32im/ilp32/libc_nano.a(lib_a-impure.o)
 *fill*         0x0000000000004a69        0x3 
 .data.impure_data
                0x0000000000004a6c       0x60 /opt/riscv/lib/gcc/riscv64-unknown-elf/11.1.0/../../../../riscv64-unknown-elf/lib/rv32im/ilp32/libc_nano.a(lib_a-impure.o)
 .sdata._impure_ptr
                0x0000000000004acc        0x4 /opt/riscv/lib/gcc/riscv64-unknown-elf/11.1.0/../../../../riscv64-unknown-elf/lib/rv32im/ilp32/libc_nano.a(lib_a-impure.o)
                0x0000000000004acc                _impure_ptr
 .srodata._global_impure_ptr
                0x0000000000004ad0        0x4 /opt/riscv/lib/gcc/riscv64-unknown-elf/11.1.0/../../../../riscv64-unknown-elf/lib/rv32im/ilp32/libc_nano.a(lib_a-impure.o)
                0x0000000000004ad0                _global_impure_ptr
 .comment       0x0000000000004ad4       0x13 /opt/riscv/lib/gcc/riscv64-unknown-elf/11.1.0/../../../../riscv64-unknown-elf/lib/rv32im/ilp32/libc_nano.a(lib_a-impure.o)
 .riscv.attributes
                0x0000000000004ad4       0x21 /opt/riscv/lib/gcc/riscv64-unknown-elf/11.1.0/../../../../riscv64-unknown-elf/lib/rv32im/ilp32/libc_nano.a(lib_a-impure.o)
 .data          0x0000000000004af5        0x0 /opt/riscv/lib/gcc/riscv64-unknown-elf/11.1.0/../../../../riscv64-unknown-elf/lib/rv32im/ilp32/libc_nano.a(lib_a-mlock.o)
 .bss           0x0000000000004af5        0x0 /opt/riscv/lib/gcc/riscv64-unknown-elf/11.1.0/../../../../riscv64-unknown-elf/lib/rv32im/ilp32/libc_nano.a(lib_a-mlock.o)
 *fill*         0x0000000000004af5        0x3 
 .text.__malloc_lock
                0x0000000000004af8        0x4 /opt/riscv/lib/gcc/riscv64-unknown-elf/11.1.0/../../../../riscv64-unknown-elf/lib/rv32im/ilp32/libc_nano.a(lib_a-mlock.o)
                0x0000000000004af8                __malloc_lock
 .text.__malloc_unlock
                0x0000000000004afc        0x4 /opt/riscv/lib/gcc/riscv64-unknown-elf/11.1.0/../../../../riscv64-unknown-elf/lib/rv32im/ilp32/libc_nano.a(lib_a-mlock.o)
                0x0000000000004afc                __malloc_unlock
 .comment       0x0000000000004b00       0x13 /opt/riscv/lib/gcc/riscv64-unknown-elf/11.1.0/../../../../riscv64-unknown-elf/lib/rv32im/ilp32/libc_nano.a(lib_a-mlock.o)
 .riscv.attributes
                0x0000000000004b00       0x21 /opt/riscv/lib/gcc/riscv64-unknown-elf/11.1.0/../../../../riscv64-unknown-elf/lib/rv32im/ilp32/libc_nano.a(lib_a-mlock.o)
 .data          0x0000000000004b21        0x0 /opt/riscv/lib/gcc/riscv64-unknown-elf/11.1.0/../../../../riscv64-unknown-elf/lib/rv32im/ilp32/libc_nano.a(lib_a-reent.o)
 .bss           0x0000000000004b21        0x0 /opt/riscv/lib/gcc/riscv64-unknown-elf/11.1.0/../../../../riscv64-unknown-elf/lib/rv32im/ilp32/libc_nano.a(lib_a-reent.o)
 *fill*         0x0000000000004b21        0x3 
 .text.cleanup_glue
                0x0000000000004b24       0x40 /opt/riscv/lib/gcc/riscv64-unknown-elf/11.1.0/../../../../riscv64-unknown-elf/lib/rv32im/ilp32/libc_nano.a(lib_a-reent.o)
                0x0000000000004b24                cleanup_glue
 .text._reclaim_reent
                0x0000000000004b64      0x16c /opt/riscv/lib/gcc/riscv64-unknown-elf/11.1.0/../../../../riscv64-unknown-elf/lib/rv32im/ilp32/libc_nano.a(lib_a-reent.o)
                0x0000000000004b64                _reclaim_reent
 .sbss.errno    0x0000000000004cd0        0x4 /opt/riscv/lib/gcc/riscv64-unknown-elf/11.1.0/../../../../riscv64-unknown-elf/lib/rv32im/ilp32/libc_nano.a(lib_a-reent.o)
                0x0000000000004cd0                errno
 .comment       0x0000000000004cd4       0x13 /opt/riscv/lib/gcc/riscv64-unknown-elf/11.1.0/../../../../riscv64-unknown-elf/lib/rv32im/ilp32/libc_nano.a(lib_a-reent.o)
 .riscv.attributes
                0x0000000000004cd4       0x21 /opt/riscv/lib/gcc/riscv64-unknown-elf/11.1.0/../../../../riscv64-unknown-elf/lib/rv32im/ilp32/libc_nano.a(lib_a-reent.o)
 .data          0x0000000000004cf5        0x0 /opt/riscv/lib/gcc/riscv64-unknown-elf/11.1.0/../../../../riscv64-unknown-elf/lib/rv32im/ilp32/libnosys.a(sbrk.o)
 .bss           0x0000000000004cf5        0x0 /opt/riscv/lib/gcc/riscv64-unknown-elf/11.1.0/../../../../riscv64-unknown-elf/lib/rv32im/ilp32/libnosys.a(sbrk.o)
 *fill*         0x0000000000004cf5        0x3 
 .text._sbrk    0x0000000000004cf8       0x38 /opt/riscv/lib/gcc/riscv64-unknown-elf/11.1.0/../../../../riscv64-unknown-elf/lib/rv32im/ilp32/libnosys.a(sbrk.o)
                0x0000000000004cf8                _sbrk
 .sbss.heap_end.0
                0x0000000000004d30        0x4 /opt/riscv/lib/gcc/riscv64-unknown-elf/11.1.0/../../../../riscv64-unknown-elf/lib/rv32im/ilp32/libnosys.a(sbrk.o)
 .comment       0x0000000000004d34       0x13 /opt/riscv/lib/gcc/riscv64-unknown-elf/11.1.0/../../../../riscv64-unknown-elf/lib/rv32im/ilp32/libnosys.a(sbrk.o)
 .riscv.attributes
                0x0000000000004d34       0x21 /opt/riscv/lib/gcc/riscv64-unknown-elf/11.1.0/../../../../riscv64-unknown-elf/lib/rv32im/ilp32/libnosys.a(sbrk.o)
                0x0000000000004d58                . = ALIGN (0x4)
 *fill*         0x0000000000004d55        0x3 
                0x0000000000004d58                _heap_start = .
                0x0000000000004d58                end = .
LOAD /tmp/ccRW3DVW.o
LOAD /tmp/ccttRx4h.o
LOAD /tmp/ccKLROxl.o
LOAD /tmp/ccbizYBc.o
LOAD /tmp/ccgW458C.o
LOAD /tmp/ccapNQLG.o
LOAD /opt/riscv/lib/gcc/riscv64-unknown-elf/11.1.0/rv32im/ilp32/libgcc.a
LOAD /opt/riscv/lib/gcc/riscv64-unknown-elf/11.1.0/../../../../riscv64-unknown-elf/lib/rv32im/ilp32/libc_nano.a
LOAD /opt/riscv/lib/gcc/riscv64-unknown-elf/11.1.0/../../../../riscv64-unknown-elf/lib/rv32im/ilp32/libnosys.a
OUTPUT(firmware.elf elf32-littleriscv)
